# Don't break and indent when it's hopeless.
# 80 ---------------------------------------------------------------------------
android_java_prebuilt("android_support_v13_java") {
  jar_path = "$android_sdk_root/extras/android/support/v7/appcompat/libs/android-support-v7-appcompat.jar"
  jar_path =
      "$android_sdk_root/extras/android/support/v13/android-support-v13.jar"
}
