# Copyright 2018 The Chromium Authors. All rights reserved.
# Use of this source code is governed by a BSD-style license that can be
# found in the LICENSE file.

import("x.gni")
import("y.gni")
import("z.gni")

import("a.gni")
import("b.gni")

import("d1.gni")
import("m.gni")

# Comment here
import("c1.gni")

import("//abc/things.gni")
import("//build/stuff.gni")
import("../something/relative.gni")
import("nopath.gni")

import()
import("")
import("a")
