f(aaaaaaaaaaaaaaaaaaa)

f(aaaaaaaaaaaaaaaaaaa, aaaaaaaaaaaaa)

# Exactly 80 wide.
f(aaaaaaaaaaaaaaaaaaa, aaaaaaaaaaaaa, aaaaaaaaaaaaaaaa, aaaaaaaaaaaaaaaa, aaaaa)

aaaaaaaaaaaaaaaaaaaaaaaaaaaaaaaaaaa(aaaaaaaaaaaaaaaaaaaaaaaaaaaaaaaaaaaaaaaaaaa)

aaaaaaaaaaaaaaaaaaaaaaaaaaaaaaaaaaa(
    aaaaaaaaaaaaaaaaaaaaaaaaaaaaaaaaaaaaaaaaaaaaaaaaaa)

aaaaaaaaaaaaaaaaaaaaaaaaaaaaaaaaaaa(aaaaaaaaaaaaaaaaaaaaaaaaa + aaaaaa,
                                    aaaaaaaaaaaaaaaaaaaaaaaaa + aaaaaa,
                                    aaaaaaaaaaaaaaaaaaaaaaaaa + aaaaaa,
                                    aaaaaaaaaaaaaaaaaaaaaaaaa + aaaaaa,
                                    aaaaaaaaaaaaaaaaaaaaaaaaa + aaaaaa,
                                    aaaaaaaaaaaaaaaaaaaaaaaaa + aaaaaa,
                                    aaaaaaaaa)

aaaaaaaaaa(
    aaaaaaaaaaaaaaaaaaa,
    aaaaaaaaaaaaaaaaaaa,
    aaaaaaaaaaaaaaaaaaaaa.aaaaaaaaaaaaaaaaaaaa + aaaaaaaaaa.aaaaaaaaaaaaaaa)

# 80 ---------------------------------------------------------------------------
f(aaaaaaaaaaaaaaaaaaa,
  aaaaaaaaaaaaaaaaaaa,
  aaaaaaaaaaaaaaaaaaa + aaaaaaaaaaaaaaaaaaaaa)

aaaaaaa(aaaaaaaaaaaaa,
        aaaaaaaaaaaaa,
        aaaaaaaaaaaaa(aaaaaaaaaaaaaaaaa, aaaaaaaaaaaaaaaa))

# 80 ---------------------------------------------------------------------------
f(aaaaaaaaaaaaaaaaaaa,
  aaaaaaaaaaaaaaaaaaa,
  aaaaaaaaaaaaaaaaaaaaaa +
      aaaaaaaaaaaaaaaaaaaaaaaaaaaaaaaaaaaaaaaaaaaaaaaaaaaaaaaa)

aaaaaaaaaaaa(aaaaaaaaaaaaaaaaaaaaaaaaaaaa + aaaaaaaaaaaaaaaaaaaaaaaaa,
             aaaaaaaaaaaa,
             aaaaaaaaaaaa)

# 80 ---------------------------------------------------------------------------
aaaaaaaaaaaa(aaaaaaaaaaaaaaaaaaaaaaaaaaaaaaa +
                 aaaaaaaaaaaaaaaaaaaaaaaaaaaaaaaaaaaaaaaaaaa,
             aaaaaaaaaaaa,
             aaaaaaaaaaaa)

aaaaaaaaaaaa(
    aaaaaaaaaaaaaaaaaaaaaaaaaaaaaaaaaaaaaaaaaaaaaaaaaaaaaaaaaaaaaaaaaaaaaa,
    aaaaaaaaaaaa)

aaaaaaaaaaaa(
    aaaaaaaaaaaaaaaaaaaaaaaaaaaaaaaaaaaaaaaaaaaaaaaaaaaaaaaaaaaaaaaaaaaaaaaaaaaaaaaaaaaaaaaaaa,
    aaaaaaaaaaaa)

somefunction(someotherFunction(ddddddddddddddddddddddddddddddddddd,
                               ddddddddddddddddddddddddddddd),
             test)
