static_library("browser") {
  if (!is_ios) {
    sources += rebase_path(gypi_values.chrome_browser_predictor_sources,
                           ".",
                           "//chrome")
    sources += rebase_path(gypi_values.chrome_browser_predictor_sourcesaaaaaaaa,
                           ".",
                           "//chrome")
    sources +=
        rebase_path(gypi_values.chrome_browser_predictor_sourcesaaaaaaaaa,
                    ".",
                    "//chrome")
  }
}
