# 80 ---------------------------------------------------------------------------
if (true) {
  check_internal_result =
      exec_script("build/check_internal.py",
                  [ rebase_path("internal/google_chrome_api_keys.h",
                                root_build_dir) ],
                  "value")
}
