action("generate_gl_bindings") {
  args = [
    "--header-paths=" + rebase_path("//third_party/khronos", root_build_dir) +
        ":" + rebase_path("//third_party/mesa/src/include", root_build_dir) +
        ":" + rebase_path("//ui/gl", root_build_dir) + ":" +
        rebase_path("//gpu", root_build_dir),
    rebase_path(gl_binding_output_dir, root_build_dir),
  ]
}
