Common Metadata:
    baz=yes
    foo=1
Old Metadata:
    bar=[1, 2, 3]
New Metadata:
    bar=[1, 3]

Section Sizes (Total=0 bytes (0 bytes)):
    .bss: 0 bytes (0 bytes) (not included in totals)
    .data: 0 bytes (0 bytes) (0.0%)
    .data.rel.ro: 0 bytes (0 bytes) (0.0%)
    .rel.dyn: 0 bytes (0 bytes) (0.0%)
    .rodata: 0 bytes (0 bytes) (0.0%)
    .text: 0 bytes (0 bytes) (0.0%)

Other section sizes:
    .ARM.attributes: 0 bytes (0 bytes)
    .ARM.exidx: 0 bytes (0 bytes)
    .ARM.extab: 0 bytes (0 bytes)
    .data.rel.ro.local: 0 bytes (0 bytes)
    .dynamic: 0 bytes (0 bytes)
    .dynstr: 0 bytes (0 bytes)
    .dynsym: 0 bytes (0 bytes)
    .fini_array: 0 bytes (0 bytes)
    .gnu.version: 0 bytes (0 bytes)
    .gnu.version_d: 0 bytes (0 bytes)
    .gnu.version_r: 0 bytes (0 bytes)
    .got: 0 bytes (0 bytes)
    .hash: 0 bytes (0 bytes)
    .init_array: 0 bytes (0 bytes)
    .interp: 0 bytes (0 bytes)
    .note.gnu.build-id: 0 bytes (0 bytes)
    .note.gnu.gold-version: 0 bytes (0 bytes)
    .plt: 0 bytes (0 bytes)
    .rel.plt: 0 bytes (0 bytes)
    .shstrtab: 0 bytes (0 bytes)
    .strtab: 0 bytes (0 bytes)
    .symtab: 0 bytes (0 bytes)

0 symbols added (+), 1 changed (~), 0 removed (-), 40 unchanged (not shown)
Of changed symbols, 1 grew, 0 shrank
Number of unique symbols 46 -> 46 (+0)
0 paths added, 0 removed, 1 changed
Changed files:
  third_party/container.c

Showing 1 symbols (1 -> 1 unique) with total pss: 10 bytes
Histogram of symbols based on PSS:
    [8,16): 1
.text=0 bytes    .rodata=0 bytes    .data.rel.ro=0 bytes    .data=10 bytes   .bss=0 bytes    total=10 bytes
Number of unique paths: 1

Section Legend: t=.text, r=.rodata, R=.data.rel.ro, d=.data, b=.bss
Index | Running Total | Section@Address | ...
------------------------------------------------------------
~ 0)         10 (100.0%) d@0x2de70a0  +10 (-6->4)  num_aliases=1
               source_path=third_party/container.c 	object_path=third_party/sub/ContiguousContainer.o
               flags={}  name=base::android::g_renderer_histogram_code
